 already exists.
PS C:\Users\Amine\Documents\GitHub\radio1> git add .
PS C:\Users\Amine\Documents\GitHub\radio1> git commit -m "first commit"
On branch master
Your branch is up to date with 'origin/master'.

nothing to commit, working tree clean
PS C:\Users\Amine\Documents\GitHub\radio1> git commit -m "secon commit"
On branch master
Your branch is up to date with 'origin/master'.

nothing to commit, working tree clean
PS C:\Users\Amine\Documents\GitHub\radio1> git branch
* master
PS C:\Users\Amine\Documents\GitHub\radio1> git add .
PS C:\Users\Amine\Documents\GitHub\radio1> git branch
* master
PS C:\Users\Amine\Documents\GitHub\radio1> git status
On branch master
Your branch is up to date with 'origin/master'.

nothing to commit, working tree clean
PS C:\Users\Amine\Documents\GitHub\radio1>
 already exists.
PS C:\Users\Amine\Documents\GitHub\radio1> git add .
PS C:\Users\Amine\Documents\GitHub\radio1> git commit -m "first commit"
On branch master
Your branch is up to date with 'origin/master'.

nothing to commit, working tree clean
PS C:\Users\Amine\Documents\GitHub\radio1> git commit -m "secon commit"
On branch master
Your branch is up to date with 'origin/master'.

nothing to commit, working tree clean
PS C:\Users\Amine\Documents\GitHub\radio1> git branch
* master
PS C:\Users\Amine\Documents\GitHub\radio1> git add .
PS C:\Users\Amine\Documents\GitHub\radio1> git branch
* master
PS C:\Users\Amine\Documents\GitHub\radio1> git status
On branch master
Your branch is up to date with 'origin/master'.

nothing to commit, working tree clean
PS C:\Users\Amine\Documents\GitHub\radio1>
 already exists.
PS C:\Users\Amine\Documents\GitHub\radio1> git add .
PS C:\Users\Amine\Documents\GitHub\radio1> git commit -m "first commit"
On branch master
Your branch is up to date with 'origin/master'.

nothing to commit, working tree clean
PS C:\Users\Amine\Documents\GitHub\radio1> git commit -m "secon commit"
On branch master
Your branch is up to date with 'origin/master'.

nothing to commit, working tree clean
PS C:\Users\Amine\Documents\GitHub\radio1> git branch
* master
PS C:\Users\Amine\Documents\GitHub\radio1> git add .
PS C:\Users\Amine\Documents\GitHub\radio1> git branch
* master
PS C:\Users\Amine\Documents\GitHub\radio1> git status
On branch master
Your branch is up to date with 'origin/master'.

nothing to commit, working tree clean
PS C:\Users\Amine\Documents\GitHub\radio1>
 already exists.
PS C:\Users\Amine\Documents\GitHub\radio1> git add .
PS C:\Users\Amine\Documents\GitHub\radio1> git commit -m "first commit"
On branch master
Your branch is up to date with 'origin/master'.

nothing to commit, working tree clean
PS C:\Users\Amine\Documents\GitHub\radio1> git commit -m "secon commit"
On branch master
Your branch is up to date with 'origin/master'.

nothing to commit, working tree clean
PS C:\Users\Amine\Documents\GitHub\radio1> git branch
* master
PS C:\Users\Amine\Documents\GitHub\radio1> git add .
PS C:\Users\Amine\Documents\GitHub\radio1> git branch
* master
PS C:\Users\Amine\Documents\GitHub\radio1> git status
On branch master
Your branch is up to date with 'origin/master'.

nothing to commit, working tree clean
PS C:\Users\Amine\Documents\GitHub\radio1>
 already exists.
PS C:\Users\Amine\Documents\GitHub\radio1> git add .
PS C:\Users\Amine\Documents\GitHub\radio1> git commit -m "first commit"
On branch master
Your branch is up to date with 'origin/master'.

nothing to commit, working tree clean
PS C:\Users\Amine\Documents\GitHub\radio1> git commit -m "secon commit"
On branch master
Your branch is up to date with 'origin/master'.

nothing to commit, working tree clean
PS C:\Users\Amine\Documents\GitHub\radio1> git branch
* master
PS C:\Users\Amine\Documents\GitHub\radio1> git add .
PS C:\Users\Amine\Documents\GitHub\radio1> git branch
* master
PS C:\Users\Amine\Documents\GitHub\radio1> git status
On branch master
Your branch is up to date with 'origin/master'.

nothing to commit, working tree clean
PS C:\Users\Amine\Documents\GitHub\radio1>
 already exists.
PS C:\Users\Amine\Documents\GitHub\radio1> git add .
PS C:\Users\Amine\Documents\GitHub\radio1> git commit -m "first commit"
On branch master
Your branch is up to date with 'origin/master'.

nothing to commit, working tree clean
PS C:\Users\Amine\Documents\GitHub\radio1> git commit -m "secon commit"
On branch master
Your branch is up to date with 'origin/master'.

nothing to commit, working tree clean
PS C:\Users\Amine\Documents\GitHub\radio1> git branch
* master
PS C:\Users\Amine\Documents\GitHub\radio1> git add .
PS C:\Users\Amine\Documents\GitHub\radio1> git branch
* master
PS C:\Users\Amine\Documents\GitHub\radio1> git status
On branch master
Your branch is up to date with 'origin/master'.

nothing to commit, working tree clean
PS C:\Users\Amine\Documents\GitHub\radio1>
